modules/budget/components/MethodologyPanel.tsx(189,24): error TS2347: Untyped function calls may not accept type arguments.
modules/budget/hooks/useForecastLineItems.ts(113,68): error TS2339: Property 'displayOrder' does not exist on type 'unknown'.
modules/budget/hooks/useForecastLineItems.ts(113,85): error TS2339: Property 'displayOrder' does not exist on type 'unknown'.
modules/budget/lib/converter.ts(87,100): error TS2365: Operator '+' cannot be applied to types 'string | number' and 'number'.
modules/value-builder/hooks/useValueDriverAssessment.ts(153,9): error TS2322: Type 'string[]' is not assignable to type 'ValueDriverCategory[]'.
  Type 'string' is not assignable to type 'ValueDriverCategory'.
modules/value-builder/hooks/useValueDriverAssessment.ts(154,9): error TS2322: Type 'string[]' is not assignable to type 'ValueDriverCategory[]'.
  Type 'string' is not assignable to type 'ValueDriverCategory'.
